2024-05-10 15:10:56,801 - ERROR - **** task_pid Task1
2024-05-10 15:10:56,801 - ERROR - **** task_pid Task2
2024-05-10 15:10:56,801 - ERROR - **** task_pid Task3
2024-05-10 15:10:56,802 - ERROR - **** task_pid Task1
2024-05-10 15:10:56,802 - ERROR - **** task_pid Task1
2024-05-10 15:10:56,803 - ERROR - **** task_pid Task2
2024-05-10 15:10:56,803 - ERROR - **** task_pid Task1
2024-05-10 15:10:56,803 - ERROR - **** task_pid Task3
2024-05-10 15:10:56,804 - ERROR - **** task_pid Task2
2024-05-10 15:10:56,804 - ERROR - **** task_pid Task1
